warning: Some design elements have no explicit time unit and/or
       : time precision. This may cause confusing timing results.
       : Affected design elements are:
       :   -- module test_module declared here: test_module.sv:3
